Fatal Python error: init_sys_streams: can't initialize sys standard streams
Python runtime state: core initialized
OSError: [WinError 6] Invalid handle

Current thread 0x0000033c (most recent call first):
<no Python frame>
Fatal Python error: init_sys_streams: can't initialize sys standard streams
Python runtime state: core initialized
OSError: [WinError 6] Invalid handle

Current thread 0x0000036c (most recent call first):
<no Python frame>
Fatal Python error: init_sys_streams: can't initialize sys standard streams
Python runtime state: core initialized
OSError: [WinError 6] Invalid handle

Current thread 0x0000037c (most recent call first):
<no Python frame>
Fatal Python error: init_sys_streams: can't initialize sys standard streams
Python runtime state: core initialized
OSError: [WinError 6] Invalid handle

Current thread 0x0000038c (most recent call first):
<no Python frame>
Fatal Python error: init_sys_streams: can't initialize sys standard streams
Python runtime state: core initialized
OSError: [WinError 6] Invalid handle

Current thread 0x0000039c (most recent call first):
<no Python frame>
Fatal Python error: init_sys_streams: can't initialize sys standard streams
Python runtime state: core initialized
OSError: [WinError 6] Invalid handle

Current thread 0x000003ac (most recent call first):
<no Python frame>
Fatal Python error: init_sys_streams: can't initialize sys standard streams
Python runtime state: core initialized
OSError: [WinError 6] Invalid handle

Current thread 0x000003bc (most recent call first):
<no Python frame>
Fatal Python error: init_sys_streams: can't initialize sys standard streams
Python runtime state: core initialized
OSError: [WinError 6] Invalid handle

Current thread 0x000003cc (most recent call first):
<no Python frame>
Fatal Python error: init_sys_streams: can't initialize sys standard streams
Python runtime state: core initialized
OSError: [WinError 6] Invalid handle

Current thread 0x00000404 (most recent call first):
<no Python frame>
Fatal Python error: init_sys_streams: can't initialize sys standard streams
Python runtime state: core initialized
OSError: [WinError 6] Invalid handle

Current thread 0x00000444 (most recent call first):
<no Python frame>
Fatal Python error: init_sys_streams: can't initialize sys standard streams
Python runtime state: core initialized
OSError: [WinError 6] Invalid handle

Current thread 0x0000045c (most recent call first):
<no Python frame>
Fatal Python error: init_sys_streams: can't initialize sys standard streams
Python runtime state: core initialized
OSError: [WinError 6] Invalid handle

Current thread 0x00000474 (most recent call first):
<no Python frame>
