 * Serving Flask app 'app'
 * Debug mode: off
[31m[1mWARNING: This is a development server. Do not use it in a production deployment. Use a production WSGI server instead.[0m
 * Running on all addresses (0.0.0.0)
 * Running on http://127.0.0.1:5000
 * Running on http://160.251.178.85:5000
[33mPress CTRL+C to quit[0m
127.0.0.1 - - [04/Jul/2025 20:57:10] "GET / HTTP/1.0" 200 -
127.0.0.1 - - [04/Jul/2025 20:57:11] "GET /static/style.css HTTP/1.0" 200 -
127.0.0.1 - - [04/Jul/2025 20:58:24] "GET / HTTP/1.0" 200 -
127.0.0.1 - - [04/Jul/2025 20:58:24] "[36mGET /static/style.css HTTP/1.0[0m" 304 -
127.0.0.1 - - [04/Jul/2025 21:07:11] "[33mGET /.git/config HTTP/1.0[0m" 404 -
127.0.0.1 - - [04/Jul/2025 21:08:47] "GET / HTTP/1.0" 200 -
127.0.0.1 - - [04/Jul/2025 21:11:28] "GET / HTTP/1.0" 200 -
127.0.0.1 - - [04/Jul/2025 21:11:28] "[31m[1mPROPFIND / HTTP/1.0[0m" 405 -
[2025-07-04 21:13:21,866] ERROR in app: Exception on / [GET]
Traceback (most recent call last):
  File "/home/trader/venv/lib/python3.12/site-packages/flask/app.py", line 1511, in wsgi_app
    response = self.full_dispatch_request()
               ^^^^^^^^^^^^^^^^^^^^^^^^^^^^
  File "/home/trader/venv/lib/python3.12/site-packages/flask/app.py", line 919, in full_dispatch_request
    rv = self.handle_user_exception(e)
         ^^^^^^^^^^^^^^^^^^^^^^^^^^^^^
  File "/home/trader/venv/lib/python3.12/site-packages/flask/app.py", line 917, in full_dispatch_request
    rv = self.dispatch_request()
         ^^^^^^^^^^^^^^^^^^^^^^^
  File "/home/trader/venv/lib/python3.12/site-packages/flask/app.py", line 902, in dispatch_request
    return self.ensure_sync(self.view_functions[rule.endpoint])(**view_args)  # type: ignore[no-any-return]
           ^^^^^^^^^^^^^^^^^^^^^^^^^^^^^^^^^^^^^^^^^^^^^^^^^^^^^^^^^^^^^^^^^
  File "/home/trader/my_project/app.py", line 37, in show_tbl_and_img
    plt.savefig("static/usdjpy_spread_graph.png")
  File "/home/trader/venv/lib/python3.12/site-packages/matplotlib/pyplot.py", line 1251, in savefig
    res = fig.savefig(*args, **kwargs)  # type: ignore[func-returns-value]
          ^^^^^^^^^^^^^^^^^^^^^^^^^^^^
  File "/home/trader/venv/lib/python3.12/site-packages/matplotlib/figure.py", line 3490, in savefig
    self.canvas.print_figure(fname, **kwargs)
  File "/home/trader/venv/lib/python3.12/site-packages/matplotlib/backend_bases.py", line 2155, in print_figure
    self.figure.draw(renderer)
  File "/home/trader/venv/lib/python3.12/site-packages/matplotlib/backend_bases.py", line 1564, in _draw
    def _draw(renderer): raise Done(renderer)
                         ^^^^^^^^^^^^^^^^^^^^
matplotlib.backend_bases._get_renderer.<locals>.Done: <matplotlib.backends.backend_agg.RendererAgg object at 0x74c7004d6cf0>
[2025-07-04 21:13:21,870] ERROR in app: Exception on / [GET]
Traceback (most recent call last):
  File "/home/trader/venv/lib/python3.12/site-packages/flask/app.py", line 1511, in wsgi_app
    response = self.full_dispatch_request()
               ^^^^^^^^^^^^^^^^^^^^^^^^^^^^
  File "/home/trader/venv/lib/python3.12/site-packages/flask/app.py", line 919, in full_dispatch_request
    rv = self.handle_user_exception(e)
         ^^^^^^^^^^^^^^^^^^^^^^^^^^^^^
  File "/home/trader/venv/lib/python3.12/site-packages/flask/app.py", line 917, in full_dispatch_request
    rv = self.dispatch_request()
         ^^^^^^^^^^^^^^^^^^^^^^^
  File "/home/trader/venv/lib/python3.12/site-packages/flask/app.py", line 902, in dispatch_request
    return self.ensure_sync(self.view_functions[rule.endpoint])(**view_args)  # type: ignore[no-any-return]
           ^^^^^^^^^^^^^^^^^^^^^^^^^^^^^^^^^^^^^^^^^^^^^^^^^^^^^^^^^^^^^^^^^
  File "/home/trader/my_project/app.py", line 37, in show_tbl_and_img
    plt.savefig("static/usdjpy_spread_graph.png")
  File "/home/trader/venv/lib/python3.12/site-packages/matplotlib/pyplot.py", line 1251, in savefig
    res = fig.savefig(*args, **kwargs)  # type: ignore[func-returns-value]
          ^^^^^^^^^^^^^^^^^^^^^^^^^^^^
  File "/home/trader/venv/lib/python3.12/site-packages/matplotlib/figure.py", line 3490, in savefig
    self.canvas.print_figure(fname, **kwargs)
  File "/home/trader/venv/lib/python3.12/site-packages/matplotlib/backend_bases.py", line 2147, in print_figure
    renderer = _get_renderer(
               ^^^^^^^^^^^^^^
  File "/home/trader/venv/lib/python3.12/site-packages/matplotlib/backend_bases.py", line 1574, in _get_renderer
    print_method(io.BytesIO())
  File "/home/trader/venv/lib/python3.12/site-packages/matplotlib/backend_bases.py", line 2040, in <lambda>
    print_method = functools.wraps(meth)(lambda *args, **kwargs: meth(
                                                                 ^^^^^
  File "/home/trader/venv/lib/python3.12/site-packages/matplotlib/backends/backend_agg.py", line 481, in print_png
    self._print_pil(filename_or_obj, "png", pil_kwargs, metadata)
  File "/home/trader/venv/lib/python3.12/site-packages/matplotlib/backends/backend_agg.py", line 429, in _print_pil
    FigureCanvasAgg.draw(self)
  File "/home/trader/venv/lib/python3.12/site-packages/matplotlib/backends/backend_agg.py", line 382, in draw
    self.figure.draw(self.renderer)
  File "/home/trader/venv/lib/python3.12/site-packages/matplotlib/backend_bases.py", line 1564, in _draw
    def _draw(renderer): raise Done(renderer)
                         ^^^^^^^^^^^^^^^^^^^^
matplotlib.backend_bases._get_renderer.<locals>.Done: <matplotlib.backends.backend_agg.RendererAgg object at 0x74c7004d6cf0>
127.0.0.1 - - [04/Jul/2025 21:13:22] "[35m[1mGET / HTTP/1.0[0m" 500 -
127.0.0.1 - - [04/Jul/2025 21:13:22] "[35m[1mGET / HTTP/1.0[0m" 500 -
[2025-07-04 21:13:22,691] ERROR in app: Exception on / [GET]
Traceback (most recent call last):
  File "/home/trader/venv/lib/python3.12/site-packages/flask/app.py", line 1511, in wsgi_app
    response = self.full_dispatch_request()
               ^^^^^^^^^^^^^^^^^^^^^^^^^^^^
  File "/home/trader/venv/lib/python3.12/site-packages/flask/app.py", line 919, in full_dispatch_request
    rv = self.handle_user_exception(e)
         ^^^^^^^^^^^^^^^^^^^^^^^^^^^^^
  File "/home/trader/venv/lib/python3.12/site-packages/flask/app.py", line 917, in full_dispatch_request
    rv = self.dispatch_request()
         ^^^^^^^^^^^^^^^^^^^^^^^
  File "/home/trader/venv/lib/python3.12/site-packages/flask/app.py", line 902, in dispatch_request
    return self.ensure_sync(self.view_functions[rule.endpoint])(**view_args)  # type: ignore[no-any-return]
           ^^^^^^^^^^^^^^^^^^^^^^^^^^^^^^^^^^^^^^^^^^^^^^^^^^^^^^^^^^^^^^^^^
  File "/home/trader/my_project/app.py", line 37, in show_tbl_and_img
    plt.savefig("static/usdjpy_spread_graph.png")
  File "/home/trader/venv/lib/python3.12/site-packages/matplotlib/pyplot.py", line 1251, in savefig
    res = fig.savefig(*args, **kwargs)  # type: ignore[func-returns-value]
          ^^^^^^^^^^^^^^^^^^^^^^^^^^^^
  File "/home/trader/venv/lib/python3.12/site-packages/matplotlib/figure.py", line 3490, in savefig
    self.canvas.print_figure(fname, **kwargs)
  File "/home/trader/venv/lib/python3.12/site-packages/matplotlib/backend_bases.py", line 2155, in print_figure
    self.figure.draw(renderer)
  File "/home/trader/venv/lib/python3.12/site-packages/matplotlib/backend_bases.py", line 1564, in _draw
    def _draw(renderer): raise Done(renderer)
                         ^^^^^^^^^^^^^^^^^^^^
matplotlib.backend_bases._get_renderer.<locals>.Done: <matplotlib.backends.backend_agg.RendererAgg object at 0x74c7004d6cf0>
127.0.0.1 - - [04/Jul/2025 21:13:22] "[35m[1mGET / HTTP/1.0[0m" 500 -
127.0.0.1 - - [04/Jul/2025 21:13:22] "[33mGET /favicon.ico HTTP/1.0[0m" 404 -
[2025-07-04 21:13:51,867] ERROR in app: Exception on / [GET]
Traceback (most recent call last):
  File "/home/trader/venv/lib/python3.12/site-packages/flask/app.py", line 1511, in wsgi_app
    response = self.full_dispatch_request()
               ^^^^^^^^^^^^^^^^^^^^^^^^^^^^
  File "/home/trader/venv/lib/python3.12/site-packages/flask/app.py", line 919, in full_dispatch_request
    rv = self.handle_user_exception(e)
         ^^^^^^^^^^^^^^^^^^^^^^^^^^^^^
  File "/home/trader/venv/lib/python3.12/site-packages/flask/app.py", line 917, in full_dispatch_request
    rv = self.dispatch_request()
         ^^^^^^^^^^^^^^^^^^^^^^^
  File "/home/trader/venv/lib/python3.12/site-packages/flask/app.py", line 902, in dispatch_request
    return self.ensure_sync(self.view_functions[rule.endpoint])(**view_args)  # type: ignore[no-any-return]
           ^^^^^^^^^^^^^^^^^^^^^^^^^^^^^^^^^^^^^^^^^^^^^^^^^^^^^^^^^^^^^^^^^
  File "/home/trader/my_project/app.py", line 37, in show_tbl_and_img
    plt.savefig("static/usdjpy_spread_graph.png")
  File "/home/trader/venv/lib/python3.12/site-packages/matplotlib/pyplot.py", line 1251, in savefig
    res = fig.savefig(*args, **kwargs)  # type: ignore[func-returns-value]
          ^^^^^^^^^^^^^^^^^^^^^^^^^^^^
  File "/home/trader/venv/lib/python3.12/site-packages/matplotlib/figure.py", line 3490, in savefig
    self.canvas.print_figure(fname, **kwargs)
  File "/home/trader/venv/lib/python3.12/site-packages/matplotlib/backend_bases.py", line 2155, in print_figure
    self.figure.draw(renderer)
  File "/home/trader/venv/lib/python3.12/site-packages/matplotlib/backend_bases.py", line 1564, in _draw
    def _draw(renderer): raise Done(renderer)
                         ^^^^^^^^^^^^^^^^^^^^
matplotlib.backend_bases._get_renderer.<locals>.Done: <matplotlib.backends.backend_agg.RendererAgg object at 0x74c7004d6cf0>
127.0.0.1 - - [04/Jul/2025 21:13:51] "[35m[1mGET / HTTP/1.1[0m" 500 -
127.0.0.1 - - [04/Jul/2025 21:13:52] "[33mGET /favicon.ico HTTP/1.1[0m" 404 -
[2025-07-04 21:13:55,242] ERROR in app: Exception on / [GET]
Traceback (most recent call last):
  File "/home/trader/venv/lib/python3.12/site-packages/flask/app.py", line 1511, in wsgi_app
    response = self.full_dispatch_request()
               ^^^^^^^^^^^^^^^^^^^^^^^^^^^^
  File "/home/trader/venv/lib/python3.12/site-packages/flask/app.py", line 919, in full_dispatch_request
    rv = self.handle_user_exception(e)
         ^^^^^^^^^^^^^^^^^^^^^^^^^^^^^
  File "/home/trader/venv/lib/python3.12/site-packages/flask/app.py", line 917, in full_dispatch_request
    rv = self.dispatch_request()
         ^^^^^^^^^^^^^^^^^^^^^^^
  File "/home/trader/venv/lib/python3.12/site-packages/flask/app.py", line 902, in dispatch_request
    return self.ensure_sync(self.view_functions[rule.endpoint])(**view_args)  # type: ignore[no-any-return]
           ^^^^^^^^^^^^^^^^^^^^^^^^^^^^^^^^^^^^^^^^^^^^^^^^^^^^^^^^^^^^^^^^^
  File "/home/trader/my_project/app.py", line 37, in show_tbl_and_img
    plt.savefig("static/usdjpy_spread_graph.png")
  File "/home/trader/venv/lib/python3.12/site-packages/matplotlib/pyplot.py", line 1251, in savefig
    res = fig.savefig(*args, **kwargs)  # type: ignore[func-returns-value]
          ^^^^^^^^^^^^^^^^^^^^^^^^^^^^
  File "/home/trader/venv/lib/python3.12/site-packages/matplotlib/figure.py", line 3490, in savefig
    self.canvas.print_figure(fname, **kwargs)
  File "/home/trader/venv/lib/python3.12/site-packages/matplotlib/backend_bases.py", line 2155, in print_figure
    self.figure.draw(renderer)
  File "/home/trader/venv/lib/python3.12/site-packages/matplotlib/backend_bases.py", line 1564, in _draw
    def _draw(renderer): raise Done(renderer)
                         ^^^^^^^^^^^^^^^^^^^^
matplotlib.backend_bases._get_renderer.<locals>.Done: <matplotlib.backends.backend_agg.RendererAgg object at 0x74c7004d6cf0>
127.0.0.1 - - [04/Jul/2025 21:13:55] "[35m[1mGET / HTTP/1.0[0m" 500 -
[2025-07-04 21:15:04,440] ERROR in app: Exception on / [GET]
Traceback (most recent call last):
  File "/home/trader/venv/lib/python3.12/site-packages/flask/app.py", line 1511, in wsgi_app
    response = self.full_dispatch_request()
               ^^^^^^^^^^^^^^^^^^^^^^^^^^^^
  File "/home/trader/venv/lib/python3.12/site-packages/flask/app.py", line 919, in full_dispatch_request
    rv = self.handle_user_exception(e)
         ^^^^^^^^^^^^^^^^^^^^^^^^^^^^^
  File "/home/trader/venv/lib/python3.12/site-packages/flask/app.py", line 917, in full_dispatch_request
    rv = self.dispatch_request()
         ^^^^^^^^^^^^^^^^^^^^^^^
  File "/home/trader/venv/lib/python3.12/site-packages/flask/app.py", line 902, in dispatch_request
    return self.ensure_sync(self.view_functions[rule.endpoint])(**view_args)  # type: ignore[no-any-return]
           ^^^^^^^^^^^^^^^^^^^^^^^^^^^^^^^^^^^^^^^^^^^^^^^^^^^^^^^^^^^^^^^^^
  File "/home/trader/my_project/app.py", line 37, in show_tbl_and_img
    plt.savefig("static/usdjpy_spread_graph.png")
  File "/home/trader/venv/lib/python3.12/site-packages/matplotlib/pyplot.py", line 1251, in savefig
    res = fig.savefig(*args, **kwargs)  # type: ignore[func-returns-value]
          ^^^^^^^^^^^^^^^^^^^^^^^^^^^^
  File "/home/trader/venv/lib/python3.12/site-packages/matplotlib/figure.py", line 3490, in savefig
    self.canvas.print_figure(fname, **kwargs)
  File "/home/trader/venv/lib/python3.12/site-packages/matplotlib/backend_bases.py", line 2155, in print_figure
    self.figure.draw(renderer)
  File "/home/trader/venv/lib/python3.12/site-packages/matplotlib/backend_bases.py", line 1564, in _draw
    def _draw(renderer): raise Done(renderer)
                         ^^^^^^^^^^^^^^^^^^^^
matplotlib.backend_bases._get_renderer.<locals>.Done: <matplotlib.backends.backend_agg.RendererAgg object at 0x74c7004d6cf0>
127.0.0.1 - - [04/Jul/2025 21:15:04] "[35m[1mGET / HTTP/1.0[0m" 500 -
[2025-07-04 21:15:04,749] ERROR in app: Exception on / [GET]
Traceback (most recent call last):
  File "/home/trader/venv/lib/python3.12/site-packages/flask/app.py", line 1511, in wsgi_app
    response = self.full_dispatch_request()
               ^^^^^^^^^^^^^^^^^^^^^^^^^^^^
  File "/home/trader/venv/lib/python3.12/site-packages/flask/app.py", line 919, in full_dispatch_request
    rv = self.handle_user_exception(e)
         ^^^^^^^^^^^^^^^^^^^^^^^^^^^^^
  File "/home/trader/venv/lib/python3.12/site-packages/flask/app.py", line 917, in full_dispatch_request
    rv = self.dispatch_request()
         ^^^^^^^^^^^^^^^^^^^^^^^
  File "/home/trader/venv/lib/python3.12/site-packages/flask/app.py", line 902, in dispatch_request
    return self.ensure_sync(self.view_functions[rule.endpoint])(**view_args)  # type: ignore[no-any-return]
           ^^^^^^^^^^^^^^^^^^^^^^^^^^^^^^^^^^^^^^^^^^^^^^^^^^^^^^^^^^^^^^^^^
  File "/home/trader/my_project/app.py", line 37, in show_tbl_and_img
    plt.savefig("static/usdjpy_spread_graph.png")
  File "/home/trader/venv/lib/python3.12/site-packages/matplotlib/pyplot.py", line 1251, in savefig
    res = fig.savefig(*args, **kwargs)  # type: ignore[func-returns-value]
          ^^^^^^^^^^^^^^^^^^^^^^^^^^^^
  File "/home/trader/venv/lib/python3.12/site-packages/matplotlib/figure.py", line 3490, in savefig
    self.canvas.print_figure(fname, **kwargs)
  File "/home/trader/venv/lib/python3.12/site-packages/matplotlib/backend_bases.py", line 2155, in print_figure
    self.figure.draw(renderer)
  File "/home/trader/venv/lib/python3.12/site-packages/matplotlib/backend_bases.py", line 1564, in _draw
    def _draw(renderer): raise Done(renderer)
                         ^^^^^^^^^^^^^^^^^^^^
matplotlib.backend_bases._get_renderer.<locals>.Done: <matplotlib.backends.backend_agg.RendererAgg object at 0x74c7004d6cf0>
127.0.0.1 - - [04/Jul/2025 21:15:04] "[35m[1mGET / HTTP/1.0[0m" 500 -
 * Serving Flask app 'app'
 * Debug mode: off
[31m[1mWARNING: This is a development server. Do not use it in a production deployment. Use a production WSGI server instead.[0m
 * Running on all addresses (0.0.0.0)
 * Running on http://127.0.0.1:5000
 * Running on http://160.251.178.85:5000
[33mPress CTRL+C to quit[0m
 * Serving Flask app 'app'
 * Debug mode: off
[31m[1mWARNING: This is a development server. Do not use it in a production deployment. Use a production WSGI server instead.[0m
 * Running on all addresses (0.0.0.0)
 * Running on http://127.0.0.1:5000
 * Running on http://160.251.178.85:5000
[33mPress CTRL+C to quit[0m
 * Serving Flask app 'app'
 * Debug mode: off
Address already in use
Port 5000 is in use by another program. Either identify and stop that program, or start the server with a different port.
 * Serving Flask app 'app'
 * Debug mode: off
Address already in use
Port 5000 is in use by another program. Either identify and stop that program, or start the server with a different port.
