 * Serving Flask app 'app'
 * Debug mode: off
[31m[1mWARNING: This is a development server. Do not use it in a production deployment. Use a production WSGI server instead.[0m
 * Running on all addresses (0.0.0.0)
 * Running on http://127.0.0.1:5000
 * Running on http://160.251.178.85:5000
[33mPress CTRL+C to quit[0m
[2025-07-05 11:35:24,603] ERROR in app: Exception on / [GET]
Traceback (most recent call last):
  File "/home/trader/venv/lib/python3.12/site-packages/flask/app.py", line 1511, in wsgi_app
    response = self.full_dispatch_request()
               ^^^^^^^^^^^^^^^^^^^^^^^^^^^^
  File "/home/trader/venv/lib/python3.12/site-packages/flask/app.py", line 919, in full_dispatch_request
    rv = self.handle_user_exception(e)
         ^^^^^^^^^^^^^^^^^^^^^^^^^^^^^
  File "/home/trader/venv/lib/python3.12/site-packages/flask/app.py", line 917, in full_dispatch_request
    rv = self.dispatch_request()
         ^^^^^^^^^^^^^^^^^^^^^^^
  File "/home/trader/venv/lib/python3.12/site-packages/flask/app.py", line 902, in dispatch_request
    return self.ensure_sync(self.view_functions[rule.endpoint])(**view_args)  # type: ignore[no-any-return]
           ^^^^^^^^^^^^^^^^^^^^^^^^^^^^^^^^^^^^^^^^^^^^^^^^^^^^^^^^^^^^^^^^^
  File "/home/trader/my_project/app.py", line 18, in show_tbl_and_img
    cur.execute("SELECT time, spread FROM spread_usdjpy")
sqlite3.OperationalError: no such table: spread_usdjpy
127.0.0.1 - - [05/Jul/2025 11:35:24] "[35m[1mGET / HTTP/1.0[0m" 500 -
[2025-07-05 11:35:25,117] ERROR in app: Exception on / [GET]
Traceback (most recent call last):
  File "/home/trader/venv/lib/python3.12/site-packages/flask/app.py", line 1511, in wsgi_app
    response = self.full_dispatch_request()
               ^^^^^^^^^^^^^^^^^^^^^^^^^^^^
  File "/home/trader/venv/lib/python3.12/site-packages/flask/app.py", line 919, in full_dispatch_request
    rv = self.handle_user_exception(e)
         ^^^^^^^^^^^^^^^^^^^^^^^^^^^^^
  File "/home/trader/venv/lib/python3.12/site-packages/flask/app.py", line 917, in full_dispatch_request
    rv = self.dispatch_request()
         ^^^^^^^^^^^^^^^^^^^^^^^
  File "/home/trader/venv/lib/python3.12/site-packages/flask/app.py", line 902, in dispatch_request
    return self.ensure_sync(self.view_functions[rule.endpoint])(**view_args)  # type: ignore[no-any-return]
           ^^^^^^^^^^^^^^^^^^^^^^^^^^^^^^^^^^^^^^^^^^^^^^^^^^^^^^^^^^^^^^^^^
  File "/home/trader/my_project/app.py", line 18, in show_tbl_and_img
    cur.execute("SELECT time, spread FROM spread_usdjpy")
sqlite3.OperationalError: no such table: spread_usdjpy
127.0.0.1 - - [05/Jul/2025 11:35:25] "[35m[1mGET / HTTP/1.0[0m" 500 -
[2025-07-05 11:35:26,121] ERROR in app: Exception on / [GET]
Traceback (most recent call last):
  File "/home/trader/venv/lib/python3.12/site-packages/flask/app.py", line 1511, in wsgi_app
    response = self.full_dispatch_request()
               ^^^^^^^^^^^^^^^^^^^^^^^^^^^^
  File "/home/trader/venv/lib/python3.12/site-packages/flask/app.py", line 919, in full_dispatch_request
    rv = self.handle_user_exception(e)
         ^^^^^^^^^^^^^^^^^^^^^^^^^^^^^
  File "/home/trader/venv/lib/python3.12/site-packages/flask/app.py", line 917, in full_dispatch_request
    rv = self.dispatch_request()
         ^^^^^^^^^^^^^^^^^^^^^^^
  File "/home/trader/venv/lib/python3.12/site-packages/flask/app.py", line 902, in dispatch_request
    return self.ensure_sync(self.view_functions[rule.endpoint])(**view_args)  # type: ignore[no-any-return]
           ^^^^^^^^^^^^^^^^^^^^^^^^^^^^^^^^^^^^^^^^^^^^^^^^^^^^^^^^^^^^^^^^^
  File "/home/trader/my_project/app.py", line 18, in show_tbl_and_img
    cur.execute("SELECT time, spread FROM spread_usdjpy")
sqlite3.OperationalError: no such table: spread_usdjpy
127.0.0.1 - - [05/Jul/2025 11:35:26] "[35m[1mGET / HTTP/1.0[0m" 500 -
